Archive member included to satisfy reference by file (symbol)

D:/STM32IDE/STM32CubeIDE_1.19.0/STM32CubeIDE/plugins/com.st.stm32cube.ide.mcu.externaltools.gnu-tools-for-stm32.13.3.rel1.win32_1.0.0.202411081344/tools/bin/../lib/gcc/arm-none-eabi/13.3.1/../../../../arm-none-eabi/lib/thumb/v7-m/nofp\libc_nano.a(libc_a-exit.o)
                              D:/STM32IDE/STM32CubeIDE_1.19.0/STM32CubeIDE/plugins/com.st.stm32cube.ide.mcu.externaltools.gnu-tools-for-stm32.13.3.rel1.win32_1.0.0.202411081344/tools/bin/../lib/gcc/arm-none-eabi/13.3.1/../../../../arm-none-eabi/lib/thumb/v7-m/nofp/crt0.o (exit)
D:/STM32IDE/STM32CubeIDE_1.19.0/STM32CubeIDE/plugins/com.st.stm32cube.ide.mcu.externaltools.gnu-tools-for-stm32.13.3.rel1.win32_1.0.0.202411081344/tools/bin/../lib/gcc/arm-none-eabi/13.3.1/../../../../arm-none-eabi/lib/thumb/v7-m/nofp\libc_nano.a(libc_a-findfp.o)
                              D:/STM32IDE/STM32CubeIDE_1.19.0/STM32CubeIDE/plugins/com.st.stm32cube.ide.mcu.externaltools.gnu-tools-for-stm32.13.3.rel1.win32_1.0.0.202411081344/tools/bin/../lib/gcc/arm-none-eabi/13.3.1/../../../../arm-none-eabi/lib/thumb/v7-m/nofp\libc_nano.a(libc_a-exit.o) (__stdio_exit_handler)
D:/STM32IDE/STM32CubeIDE_1.19.0/STM32CubeIDE/plugins/com.st.stm32cube.ide.mcu.externaltools.gnu-tools-for-stm32.13.3.rel1.win32_1.0.0.202411081344/tools/bin/../lib/gcc/arm-none-eabi/13.3.1/../../../../arm-none-eabi/lib/thumb/v7-m/nofp\libc_nano.a(libc_a-fwalk.o)
                              D:/STM32IDE/STM32CubeIDE_1.19.0/STM32CubeIDE/plugins/com.st.stm32cube.ide.mcu.externaltools.gnu-tools-for-stm32.13.3.rel1.win32_1.0.0.202411081344/tools/bin/../lib/gcc/arm-none-eabi/13.3.1/../../../../arm-none-eabi/lib/thumb/v7-m/nofp\libc_nano.a(libc_a-findfp.o) (_fwalk_sglue)
D:/STM32IDE/STM32CubeIDE_1.19.0/STM32CubeIDE/plugins/com.st.stm32cube.ide.mcu.externaltools.gnu-tools-for-stm32.13.3.rel1.win32_1.0.0.202411081344/tools/bin/../lib/gcc/arm-none-eabi/13.3.1/../../../../arm-none-eabi/lib/thumb/v7-m/nofp\libc_nano.a(libc_a-stdio.o)
                              D:/STM32IDE/STM32CubeIDE_1.19.0/STM32CubeIDE/plugins/com.st.stm32cube.ide.mcu.externaltools.gnu-tools-for-stm32.13.3.rel1.win32_1.0.0.202411081344/tools/bin/../lib/gcc/arm-none-eabi/13.3.1/../../../../arm-none-eabi/lib/thumb/v7-m/nofp\libc_nano.a(libc_a-findfp.o) (__sread)
D:/STM32IDE/STM32CubeIDE_1.19.0/STM32CubeIDE/plugins/com.st.stm32cube.ide.mcu.externaltools.gnu-tools-for-stm32.13.3.rel1.win32_1.0.0.202411081344/tools/bin/../lib/gcc/arm-none-eabi/13.3.1/../../../../arm-none-eabi/lib/thumb/v7-m/nofp\libc_nano.a(libc_a-memset.o)
                              D:/STM32IDE/STM32CubeIDE_1.19.0/STM32CubeIDE/plugins/com.st.stm32cube.ide.mcu.externaltools.gnu-tools-for-stm32.13.3.rel1.win32_1.0.0.202411081344/tools/bin/../lib/gcc/arm-none-eabi/13.3.1/../../../../arm-none-eabi/lib/thumb/v7-m/nofp/crt0.o (memset)
D:/STM32IDE/STM32CubeIDE_1.19.0/STM32CubeIDE/plugins/com.st.stm32cube.ide.mcu.externaltools.gnu-tools-for-stm32.13.3.rel1.win32_1.0.0.202411081344/tools/bin/../lib/gcc/arm-none-eabi/13.3.1/../../../../arm-none-eabi/lib/thumb/v7-m/nofp\libc_nano.a(libc_a-closer.o)
                              D:/STM32IDE/STM32CubeIDE_1.19.0/STM32CubeIDE/plugins/com.st.stm32cube.ide.mcu.externaltools.gnu-tools-for-stm32.13.3.rel1.win32_1.0.0.202411081344/tools/bin/../lib/gcc/arm-none-eabi/13.3.1/../../../../arm-none-eabi/lib/thumb/v7-m/nofp\libc_nano.a(libc_a-stdio.o) (_close_r)
D:/STM32IDE/STM32CubeIDE_1.19.0/STM32CubeIDE/plugins/com.st.stm32cube.ide.mcu.externaltools.gnu-tools-for-stm32.13.3.rel1.win32_1.0.0.202411081344/tools/bin/../lib/gcc/arm-none-eabi/13.3.1/../../../../arm-none-eabi/lib/thumb/v7-m/nofp\libc_nano.a(libc_a-reent.o)
                              D:/STM32IDE/STM32CubeIDE_1.19.0/STM32CubeIDE/plugins/com.st.stm32cube.ide.mcu.externaltools.gnu-tools-for-stm32.13.3.rel1.win32_1.0.0.202411081344/tools/bin/../lib/gcc/arm-none-eabi/13.3.1/../../../../arm-none-eabi/lib/thumb/v7-m/nofp\libc_nano.a(libc_a-closer.o) (errno)
D:/STM32IDE/STM32CubeIDE_1.19.0/STM32CubeIDE/plugins/com.st.stm32cube.ide.mcu.externaltools.gnu-tools-for-stm32.13.3.rel1.win32_1.0.0.202411081344/tools/bin/../lib/gcc/arm-none-eabi/13.3.1/../../../../arm-none-eabi/lib/thumb/v7-m/nofp\libc_nano.a(libc_a-impure.o)
                              D:/STM32IDE/STM32CubeIDE_1.19.0/STM32CubeIDE/plugins/com.st.stm32cube.ide.mcu.externaltools.gnu-tools-for-stm32.13.3.rel1.win32_1.0.0.202411081344/tools/bin/../lib/gcc/arm-none-eabi/13.3.1/../../../../arm-none-eabi/lib/thumb/v7-m/nofp\libc_nano.a(libc_a-reent.o) (_impure_ptr)
D:/STM32IDE/STM32CubeIDE_1.19.0/STM32CubeIDE/plugins/com.st.stm32cube.ide.mcu.externaltools.gnu-tools-for-stm32.13.3.rel1.win32_1.0.0.202411081344/tools/bin/../lib/gcc/arm-none-eabi/13.3.1/../../../../arm-none-eabi/lib/thumb/v7-m/nofp\libc_nano.a(libc_a-lseekr.o)
[...]
Memory Configuration

Name             Origin             Length             Attributes
RAM              0x20000000         0x00005000         xrw
FLASH            0x08000000         0x00010000         xr
*default*        0x00000000         0xffffffff

Linker script and memory map

LOAD D:/STM32IDE/STM32CubeIDE_1.19.0/STM32CubeIDE/plugins/com.st.stm32cube.ide.mcu.externaltools.gnu-tools-for-stm32.13.3.rel1.win32_1.0.0.202411081344/tools/bin/../lib/gcc/arm-none-eabi/13.3.1/thumb/v7-m/nofp/crti.o
LOAD D:/STM32IDE/STM32CubeIDE_1.19.0/STM32CubeIDE/plugins/com.st.stm32cube.ide.mcu.externaltools.gnu-tools-for-stm32.13.3.rel1.win32_1.0.0.202411081344/tools/bin/../lib/gcc/arm-none-eabi/13.3.1/thumb/v7-m/nofp/crtbegin.o
LOAD D:/STM32IDE/STM32CubeIDE_1.19.0/STM32CubeIDE/plugins/com.st.stm32cube.ide.mcu.externaltools.gnu-tools-for-stm32.13.3.rel1.win32_1.0.0.202411081344/tools/bin/../lib/gcc/arm-none-eabi/13.3.1/../../../../arm-none-eabi/lib/thumb/v7-m/nofp/crt0.o
LOAD ./Core/Src/main.o
LOAD ./Core/Src/nrf24l01.o
LOAD ./Core/Src/stm32f1xx_hal_msp.o
LOAD ./Core/Src/stm32f1xx_it.o
LOAD ./Core/Src/syscalls.o
LOAD ./Core/Src/sysmem.o
LOAD ./Core/Src/system_stm32f1xx.o
LOAD ./Core/Startup/startup_stm32f103c8tx.o
LOAD ./Drivers/STM32F1xx_HAL_Driver/Src/stm32f1xx_hal.o
LOAD ./Drivers/STM32F1xx_HAL_Driver/Src/stm32f1xx_hal_adc.o
LOAD ./Drivers/STM32F1xx_HAL_Driver/Src/stm32f1xx_hal_adc_ex.o
LOAD ./Drivers/STM32F1xx_HAL_Driver/Src/stm32f1xx_hal_cortex.o
LOAD ./Drivers/STM32F1xx_HAL_Driver/Src/stm32f1xx_hal_dma.o
LOAD ./Drivers/STM32F1xx_HAL_Driver/Src/stm32f1xx_hal_exti.o
LOAD ./Drivers/STM32F1xx_HAL_Driver/Src/stm32f1xx_hal_flash.o
LOAD ./Drivers/STM32F1xx_HAL_Driver/Src/stm32f1xx_hal_flash_ex.o
LOAD ./Drivers/STM32F1xx_HAL_Driver/Src/stm32f1xx_hal_gpio.o
LOAD ./Drivers/STM32F1xx_HAL_Driver/Src/stm32f1xx_hal_gpio_ex.o
LOAD ./Drivers/STM32F1xx_HAL_Driver/Src/stm32f1xx_hal_pwr.o
LOAD ./Drivers/STM32F1xx_HAL_Driver/Src/stm32f1xx_hal_rcc.o
LOAD ./Drivers/STM32F1xx_HAL_Driver/Src/stm32f1xx_hal_rcc_ex.o
LOAD ./Drivers/STM32F1xx_HAL_Driver/Src/stm32f1xx_hal_spi.o
LOAD ./Drivers/STM32F1xx_HAL_Driver/Src/stm32f1xx_hal_uart.o
START GROUP
LOAD D:/STM32IDE/STM32CubeIDE_1.19.0/STM32CubeIDE/plugins/com.st.stm32cube.ide.mcu.externaltools.gnu-tools-for-stm32.13.3.rel1.win32_1.0.0.202411081344/tools/bin/../lib/gcc/arm-none-eabi/13.3.1/../../../../arm-none-eabi/lib/thumb/v7-m/nofp\libc_nano.a
LOAD D:/STM32IDE/STM32CubeIDE_1.19.0/STM32CubeIDE/plugins/com.st.stm32cube.ide.mcu.externaltools.gnu-tools-for-stm32.13.3.rel1.win32_1.0.0.202411081344/tools/bin/../lib/gcc/arm-none-eabi/13.3.1/../../../../arm-none-eabi/lib/thumb/v7-m/nofp\libm.a
END GROUP
START GROUP
LOAD D:/STM32IDE/STM32CubeIDE_1.19.0/STM32CubeIDE/plugins/com.st.stm32cube.ide.mcu.externaltools.gnu-tools-for-stm32.13.3.rel1.win32_1.0.0.202411081344/tools/bin/../lib/gcc/arm-none-eabi/13.3.1/thumb/v7-m/nofp\libgcc.a
LOAD D:/STM32IDE/STM32CubeIDE_1.19.0/STM32CubeIDE/plugins/com.st.stm32cube.ide.mcu.externaltools.gnu-tools-for-stm32.13.3.rel1.win32_1.0.0.202411081344/tools/bin/../lib/gcc/arm-none-eabi/13.3.1/../../../../arm-none-eabi/lib/thumb/v7-m/nofp\libc_nano.a
END GROUP
START GROUP
LOAD D:/STM32IDE/STM32CubeIDE_1.19.0/STM32CubeIDE/plugins/com.st.stm32cube.ide.mcu.externaltools.gnu-tools-for-stm32.13.3.rel1.win32_1.0.0.202411081344/tools/bin/../lib/gcc/arm-none-eabi/13.3.1/thumb/v7-m/nofp\libgcc.a
LOAD D:/STM32IDE/STM32CubeIDE_1.19.0/STM32CubeIDE/plugins/com.st.stm32cube.ide.mcu.externaltools.gnu-tools-for-stm32.13.3.rel1.win32_1.0.0.202411081344/tools/bin/../lib/gcc/arm-none-eabi/13.3.1/../../../../arm-none-eabi/lib/thumb/v7-m/nofp\libc_nano.a
LOAD D:/STM32IDE/STM32CubeIDE_1.19.0/STM32CubeIDE/plugins/com.st.stm32cube.ide.mcu.externaltools.gnu-tools-for-stm32.13.3.rel1.win32_1.0.0.202411081344/tools/bin/../lib/gcc/arm-none-eabi/13.3.1/../../../../arm-none-eabi/lib/thumb/v7-m/nofp\libnosys.a
END GROUP
START GROUP
LOAD D:/STM32IDE/STM32CubeIDE_1.19.0/STM32CubeIDE/plugins/com.st.stm32cube.ide.mcu.externaltools.gnu-tools-for-stm32.13.3.rel1.win32_1.0.0.202411081344/tools/bin/../lib/gcc/arm-none-eabi/13.3.1/thumb/v7-m/nofp\libgcc.a
LOAD D:/STM32IDE/STM32CubeIDE_1.19.0/STM32CubeIDE/plugins/com.st.stm32cube.ide.mcu.externaltools.gnu-tools-for-stm32.13.3.rel1.win32_1.0.0.202411081344/tools/bin/../lib/gcc/arm-none-eabi/13.3.1/../../../../arm-none-eabi/lib/thumb/v7-m/nofp\libc_nano.a
LOAD D:/STM32IDE/STM32CubeIDE_1.19.0/STM32CubeIDE/plugins/com.st.stm32cube.ide.mcu.externaltools.gnu-tools-for-stm32.13.3.rel1.win32_1.0.0.202411081344/tools/bin/../lib/gcc/arm-none-eabi/13.3.1/../../../../arm-none-eabi/lib/thumb/v7-m/nofp\libnosys.a
END GROUP
LOAD D:/STM32IDE/STM32CubeIDE_1.19.0/STM32CubeIDE/plugins/com.st.stm32cube.ide.mcu.externaltools.gnu-tools-for-stm32.13.3.rel1.win32_1.0.0.202411081344/tools/bin/../lib/gcc/arm-none-eabi/13.3.1/thumb/v7-m/nofp/crtend.o
LOAD D:/STM32IDE/STM32CubeIDE_1.19.0/STM32CubeIDE/plugins/com.st.stm32cube.ide.mcu.externaltools.gnu-tools-for-stm32.13.3.rel1.win32_1.0.0.202411081344/tools/bin/../lib/gcc/arm-none-eabi/13.3.1/thumb/v7-m/nofp/crtn.o
                0x20005000                        _estack = (ORIGIN (RAM) + LENGTH (RAM))
                0x00000200                        _Min_Heap_Size = 0x200
                0x00000400                        _Min_Stack_Size = 0x400

.isr_vector     0x08000000      0x10c
                0x08000000                        . = ALIGN (0x4)
 *(.isr_vector)
 .isr_vector    0x08000000      0x10c ./Core/Startup/startup_stm32f103c8tx.o
                0x08000000                g_pfnVectors
                0x0800010c                        . = ALIGN (0x4)

.text           0x0800010c     0x2e98
                0x0800010c                        . = ALIGN (0x4)
 *(.text)
 .text          0x0800010c       0x40 D:/STM32IDE/STM32CubeIDE_1.19.0/STM32CubeIDE/plugins/com.st.stm32cube.ide.mcu.externaltools.gnu-tools-for-stm32.13.3.rel1.win32_1.0.0.202411081344/tools/bin/../lib/gcc/arm-none-eabi/13.3.1/thumb/v7-m/nofp/crtbegin.o
 *(.text*)
 .text.LED_Blink
                0x0800014c       0x58 ./Core/Src/main.o
                0x0800014c                LED_Blink
 .text.main     0x080001a4      0x1a0 ./Core/Src/main.o
                0x080001a4                main
 .text.SystemClock_Config
                0x08000344       0xb6 ./Core/Src/main.o
                0x08000344                SystemClock_Config
 *fill*         0x080003fa        0x2 
 .text.MX_ADC1_Init
                0x080003fc       0x7c ./Core/Src/main.o
 .text.MX_ADC2_Init
                0x08000478       0x7c ./Core/Src/main.o
 .text.MX_SPI1_Init
                0x080004f4       0x6c ./Core/Src/main.o
 .text.MX_USART1_UART_Init
                0x08000560       0x54 ./Core/Src/main.o
 .text.MX_GPIO_Init
                0x080005b4       0xbc ./Core/Src/main.o
 .text.Error_Handler
                0x08000670        0xc ./Core/Src/main.o
                0x08000670                Error_Handler
 .text.NRF24L01_CE_Low
                0x0800067c       0x18 ./Core/Src/nrf24l01.o
                0x0800067c                NRF24L01_CE_Low
 .text.NRF24L01_CE_High
                0x08000694       0x18 ./Core/Src/nrf24l01.o
                0x08000694                NRF24L01_CE_High
 .text.NRF24L01_CSN_Low
                0x080006ac       0x18 ./Core/Src/nrf24l01.o
                0x080006ac                NRF24L01_CSN_Low
 .text.NRF24L01_CSN_High
                0x080006c4       0x18 ./Core/Src/nrf24l01.o
                0x080006c4                NRF24L01_CSN_High
 .text.NRF24L01_SPI_SendByte
                0x080006dc       0x2c ./Core/Src/nrf24l01.o
                0x080006dc                NRF24L01_SPI_SendByte
 .text.NRF24L01_WriteReg
                0x08000708       0x36 ./Core/Src/nrf24l01.o
                0x08000708                NRF24L01_WriteReg
 .text.NRF24L01_ReadReg
                0x0800073e       0x2e ./Core/Src/nrf24l01.o
                0x0800073e                NRF24L01_ReadReg
 .text.NRF24L01_WriteBuf
                0x0800076c       0x50 ./Core/Src/nrf24l01.o
                0x0800076c                NRF24L01_WriteBuf
 .text.NRF24L01_Check
                0x080007bc       0x24 ./Core/Src/nrf24l01.o
                0x080007bc                NRF24L01_Check
 .text.NRF24L01_Init
                0x080007e0       0xb0 ./Core/Src/nrf24l01.o
                0x080007e0                NRF24L01_Init
 .text.NRF24L01_TXMode
                0x08000890       0x1e ./Core/Src/nrf24l01.o
                0x08000890                NRF24L01_TXMode
 *fill*         0x080008ae        0x2 
 .text.NRF24L01_SendPacket
                0x080008b0       0xa8 ./Core/Src/nrf24l01.o
                0x080008b0                NRF24L01_SendPacket
 .text.HAL_MspInit
                0x08000958       0x64 ./Core/Src/stm32f1xx_hal_msp.o
                0x08000958                HAL_MspInit
 .text.HAL_ADC_MspInit
                0x080009bc       0xcc ./Core/Src/stm32f1xx_hal_msp.o
                0x080009bc                HAL_ADC_MspInit
 .text.HAL_SPI_MspInit
                0x08000a88       0x94 ./Core/Src/stm32f1xx_hal_msp.o
                0x08000a88                HAL_SPI_MspInit
 .text.HAL_UART_MspInit
                0x08000b1c       0x98 ./Core/Src/stm32f1xx_hal_msp.o
                0x08000b1c                HAL_UART_MspInit
 .text.NMI_Handler
                0x08000bb4        0x8 ./Core/Src/stm32f1xx_it.o
                0x08000bb4                NMI_Handler
 .text.HardFault_Handler
                0x08000bbc        0x8 ./Core/Src/stm32f1xx_it.o
                0x08000bbc                HardFault_Handler
 .text.MemManage_Handler
                0x08000bc4        0x8 ./Core/Src/stm32f1xx_it.o
                0x08000bc4                MemManage_Handler
 .text.BusFault_Handler
                0x08000bcc        0x8 ./Core/Src/stm32f1xx_it.o
                0x08000bcc                BusFault_Handler
 .text.UsageFault_Handler
                0x08000bd4        0x8 ./Core/Src/stm32f1xx_it.o
                0x08000bd4                UsageFault_Handler
 .text.SVC_Handler
                0x08000bdc        0xc ./Core/Src/stm32f1xx_it.o
                0x08000bdc                SVC_Handler
 .text.DebugMon_Handler
                0x08000be8        0xc ./Core/Src/stm32f1xx_it.o
                0x08000be8                DebugMon_Handler
 .text.PendSV_Handler
                0x08000bf4        0xc ./Core/Src/stm32f1xx_it.o
                0x08000bf4                PendSV_Handler
 .text.SysTick_Handler
                0x08000c00        0xc ./Core/Src/stm32f1xx_it.o
                0x08000c00                SysTick_Handler
 .text.SystemInit
                0x08000c0c        0xc ./Core/Src/system_stm32f1xx.o
                0x08000c0c                SystemInit
 .text.Reset_Handler
                0x08000c18       0x48 ./Core/Startup/startup_stm32f103c8tx.o
                0x08000c18                Reset_Handler
 .text.Default_Handler
                0x08000c60        0x2 ./Core/Startup/startup_stm32f103c8tx.o
                0x08000c60                RTC_Alarm_IRQHandler
                0x08000c60                EXTI2_IRQHandler
                0x08000c60                TIM1_CC_IRQHandler
                0x08000c60                PVD_IRQHandler
                0x08000c60                EXTI3_IRQHandler
                0x08000c60                EXTI0_IRQHandler
                0x08000c60                I2C2_EV_IRQHandler
                0x08000c60                ADC1_2_IRQHandler
                0x08000c60                SPI1_IRQHandler
                0x08000c60                TAMPER_IRQHandler
                0x08000c60                DMA1_Channel4_IRQHandler
                0x08000c60                USART3_IRQHandler
                0x08000c60                RTC_IRQHandler
                0x08000c60                DMA1_Channel7_IRQHandler
                0x08000c60                CAN1_RX1_IRQHandler
                0x08000c60                TIM4_IRQHandler
                0x08000c60                I2C1_EV_IRQHandler
                0x08000c60                DMA1_Channel6_IRQHandler
                0x08000c60                TIM3_IRQHandler
                0x08000c60                RCC_IRQHandler
                0x08000c60                TIM1_TRG_COM_IRQHandler
                0x08000c60                DMA1_Channel1_IRQHandler
                0x08000c60                Default_Handler
                0x08000c60                EXTI15_10_IRQHandler
                0x08000c60                EXTI9_5_IRQHandler
                0x08000c60                SPI2_IRQHandler
                0x08000c60                DMA1_Channel5_IRQHandler
                0x08000c60                EXTI4_IRQHandler
                0x08000c60                USB_LP_CAN1_RX0_IRQHandler
                0x08000c60                USB_HP_CAN1_TX_IRQHandler
                0x08000c60                DMA1_Channel3_IRQHandler
                0x08000c60                TIM1_UP_IRQHandler
                0x08000c60                WWDG_IRQHandler
                0x08000c60                TIM2_IRQHandler
                0x08000c60                TIM1_BRK_IRQHandler
                0x08000c60                EXTI1_IRQHandler
                0x08000c60                USART2_IRQHandler
                0x08000c60                I2C2_ER_IRQHandler
                0x08000c60                DMA1_Channel2_IRQHandler
                0x08000c60                CAN1_SCE_IRQHandler
                0x08000c60                FLASH_IRQHandler
                0x08000c60                USART1_IRQHandler
                0x08000c60                I2C1_ER_IRQHandler
                0x08000c60                USBWakeUp_IRQHandler
 *fill*         0x08000c62        0x2 
 .text.HAL_Init
                0x08000c64       0x2c ./Drivers/STM32F1xx_HAL_Driver/Src/stm32f1xx_hal.o
                0x08000c64                HAL_Init
 .text.HAL_InitTick
                0x08000c90       0x60 ./Drivers/STM32F1xx_HAL_Driver/Src/stm32f1xx_hal.o
                0x08000c90                HAL_InitTick
 .text.HAL_IncTick
                0x08000cf0       0x24 ./Drivers/STM32F1xx_HAL_Driver/Src/stm32f1xx_hal.o
                0x08000cf0                HAL_IncTick
 .text.HAL_GetTick
                0x08000d14       0x14 ./Drivers/STM32F1xx_HAL_Driver/Src/stm32f1xx_hal.o
                0x08000d14                HAL_GetTick
 .text.HAL_Delay
                0x08000d28       0x48 ./Drivers/STM32F1xx_HAL_Driver/Src/stm32f1xx_hal.o
                0x08000d28                HAL_Delay
 .text.HAL_ADC_Init
                0x08000d70      0x1b0 ./Drivers/STM32F1xx_HAL_Driver/Src/stm32f1xx_hal_adc.o
                0x08000d70                HAL_ADC_Init
 .text.HAL_ADC_Start
                0x08000f20      0x15c ./Drivers/STM32F1xx_HAL_Driver/Src/stm32f1xx_hal_adc.o
                0x08000f20                HAL_ADC_Start
 .text.HAL_ADC_Stop
                0x0800107c       0x58 ./Drivers/STM32F1xx_HAL_Driver/Src/stm32f1xx_hal_adc.o
                0x0800107c                HAL_ADC_Stop
 .text.HAL_ADC_PollForConversion
                0x080010d4      0x20c ./Drivers/STM32F1xx_HAL_Driver/Src/stm32f1xx_hal_adc.o
                0x080010d4                HAL_ADC_PollForConversion
 .text.HAL_ADC_GetValue
                0x080012e0       0x18 ./Drivers/STM32F1xx_HAL_Driver/Src/stm32f1xx_hal_adc.o
                0x080012e0                HAL_ADC_GetValue
 .text.HAL_ADC_ConfigChannel
                0x080012f8      0x1f0 ./Drivers/STM32F1xx_HAL_Driver/Src/stm32f1xx_hal_adc.o
                0x080012f8                HAL_ADC_ConfigChannel
 .text.ADC_Enable
                0x080014e8       0xb4 ./Drivers/STM32F1xx_HAL_Driver/Src/stm32f1xx_hal_adc.o
                0x080014e8                ADC_Enable
 .text.ADC_ConversionStop_Disable
                0x0800159c       0x82 ./Drivers/STM32F1xx_HAL_Driver/Src/stm32f1xx_hal_adc.o
                0x0800159c                ADC_ConversionStop_Disable
 *fill*         0x0800161e        0x2 
 .text.HAL_ADCEx_Calibration_Start
                0x08001620      0x15c ./Drivers/STM32F1xx_HAL_Driver/Src/stm32f1xx_hal_adc_ex.o
                0x08001620                HAL_ADCEx_Calibration_Start
 .text.__NVIC_SetPriorityGrouping
                0x0800177c       0x48 ./Drivers/STM32F1xx_HAL_Driver/Src/stm32f1xx_hal_cortex.o
 .text.__NVIC_GetPriorityGrouping
                0x080017c4       0x1c ./Drivers/STM32F1xx_HAL_Driver/Src/stm32f1xx_hal_cortex.o
 .text.__NVIC_SetPriority
                0x080017e0       0x54 ./Drivers/STM32F1xx_HAL_Driver/Src/stm32f1xx_hal_cortex.o
 .text.NVIC_EncodePriority
                0x08001834       0x64 ./Drivers/STM32F1xx_HAL_Driver/Src/stm32f1xx_hal_cortex.o
 .text.SysTick_Config
                0x08001898       0x44 ./Drivers/STM32F1xx_HAL_Driver/Src/stm32f1xx_hal_cortex.o
 .text.HAL_NVIC_SetPriorityGrouping
                0x080018dc       0x16 ./Drivers/STM32F1xx_HAL_Driver/Src/stm32f1xx_hal_cortex.o
                0x080018dc                HAL_NVIC_SetPriorityGrouping
 .text.HAL_NVIC_SetPriority
                0x080018f2       0x38 ./Drivers/STM32F1xx_HAL_Driver/Src/stm32f1xx_hal_cortex.o
                0x080018f2                HAL_NVIC_SetPriority
 .text.HAL_SYSTICK_Config
                0x0800192a       0x18 ./Drivers/STM32F1xx_HAL_Driver/Src/stm32f1xx_hal_cortex.o
                0x0800192a                HAL_SYSTICK_Config
 *fill*         0x08001942        0x2 
 .text.HAL_GPIO_Init
                0x08001944      0x308 ./Drivers/STM32F1xx_HAL_Driver/Src/stm32f1xx_hal_gpio.o
                0x08001944                HAL_GPIO_Init
 .text.HAL_GPIO_WritePin
                0x08001c4c       0x30 ./Drivers/STM32F1xx_HAL_Driver/Src/stm32f1xx_hal_gpio.o
                0x08001c4c                HAL_GPIO_WritePin
 .text.HAL_GPIO_TogglePin
                0x08001c7c       0x32 ./Drivers/STM32F1xx_HAL_Driver/Src/stm32f1xx_hal_gpio.o
                0x08001c7c                HAL_GPIO_TogglePin
 *fill*         0x08001cae        0x2 
 .text.HAL_RCC_OscConfig
                0x08001cb0      0x504 ./Drivers/STM32F1xx_HAL_Driver/Src/stm32f1xx_hal_rcc.o
                0x08001cb0                HAL_RCC_OscConfig
 .text.HAL_RCC_ClockConfig
                0x080021b4      0x1d4 ./Drivers/STM32F1xx_HAL_Driver/Src/stm32f1xx_hal_rcc.o
                0x080021b4                HAL_RCC_ClockConfig
 .text.HAL_RCC_GetSysClockFreq
                0x08002388       0xa8 ./Drivers/STM32F1xx_HAL_Driver/Src/stm32f1xx_hal_rcc.o
                0x08002388                HAL_RCC_GetSysClockFreq
 .text.HAL_RCC_GetHCLKFreq
                0x08002430       0x14 ./Drivers/STM32F1xx_HAL_Driver/Src/stm32f1xx_hal_rcc.o
                0x08002430                HAL_RCC_GetHCLKFreq
 .text.HAL_RCC_GetPCLK1Freq
                0x08002444       0x28 ./Drivers/STM32F1xx_HAL_Driver/Src/stm32f1xx_hal_rcc.o
                0x08002444                HAL_RCC_GetPCLK1Freq
 .text.HAL_RCC_GetPCLK2Freq
                0x0800246c       0x28 ./Drivers/STM32F1xx_HAL_Driver/Src/stm32f1xx_hal_rcc.o
                0x0800246c                HAL_RCC_GetPCLK2Freq
 .text.RCC_Delay
                0x08002494       0x3c ./Drivers/STM32F1xx_HAL_Driver/Src/stm32f1xx_hal_rcc.o
 .text.HAL_RCCEx_PeriphCLKConfig
                0x080024d0      0x16c ./Drivers/STM32F1xx_HAL_Driver/Src/stm32f1xx_hal_rcc_ex.o
                0x080024d0                HAL_RCCEx_PeriphCLKConfig
 .text.HAL_RCCEx_GetPeriphCLKFreq
                0x0800263c      0x16c ./Drivers/STM32F1xx_HAL_Driver/Src/stm32f1xx_hal_rcc_ex.o
                0x0800263c                HAL_RCCEx_GetPeriphCLKFreq
 .text.HAL_SPI_Init
                0x080027a8      0x108 ./Drivers/STM32F1xx_HAL_Driver/Src/stm32f1xx_hal_spi.o
                0x080027a8                HAL_SPI_Init
 .text.HAL_SPI_TransmitReceive
                0x080028b0      0x352 ./Drivers/STM32F1xx_HAL_Driver/Src/stm32f1xx_hal_spi.o
                0x080028b0                HAL_SPI_TransmitReceive
 *fill*         0x08002c02        0x2 
 .text.SPI_WaitFlagStateUntilTimeout
                0x08002c04      0x110 ./Drivers/STM32F1xx_HAL_Driver/Src/stm32f1xx_hal_spi.o
 .text.SPI_EndRxTxTransaction
                0x08002d14       0x62 ./Drivers/STM32F1xx_HAL_Driver/Src/stm32f1xx_hal_spi.o
 .text.HAL_UART_Init
                0x08002d76       0xa0 ./Drivers/STM32F1xx_HAL_Driver/Src/stm32f1xx_hal_uart.o
                0x08002d76                HAL_UART_Init
 *fill*         0x08002e16        0x2 
 .text.UART_SetConfig
                0x08002e18      0x11c ./Drivers/STM32F1xx_HAL_Driver/Src/stm32f1xx_hal_uart.o
 .text.memset   0x08002f34       0x10 D:/STM32IDE/STM32CubeIDE_1.19.0/STM32CubeIDE/plugins/com.st.stm32cube.ide.mcu.externaltools.gnu-tools-for-stm32.13.3.rel1.win32_1.0.0.202411081344/tools/bin/../lib/gcc/arm-none-eabi/13.3.1/../../../../arm-none-eabi/lib/thumb/v7-m/nofp\libc_nano.a(libc_a-memset.o)
                0x08002f34                memset
 .text.__libc_init_array
                0x08002f44       0x48 D:/STM32IDE/STM32CubeIDE_1.19.0/STM32CubeIDE/plugins/com.st.stm32cube.ide.mcu.externaltools.gnu-tools-for-stm32.13.3.rel1.win32_1.0.0.202411081344/tools/bin/../lib/gcc/arm-none-eabi/13.3.1/../../../../arm-none-eabi/lib/thumb/v7-m/nofp\libc_nano.a(libc_a-init.o)
                0x08002f44                __libc_init_array
 *(.glue_7)
 .glue_7        0x08002f8c        0x0 linker stubs
 *(.glue_7t)
 .glue_7t       0x08002f8c        0x0 linker stubs
 *(.eh_frame)
 .eh_frame      0x08002f8c        0x0 D:/STM32IDE/STM32CubeIDE_1.19.0/STM32CubeIDE/plugins/com.st.stm32cube.ide.mcu.externaltools.gnu-tools-for-stm32.13.3.rel1.win32_1.0.0.202411081344/tools/bin/../lib/gcc/arm-none-eabi/13.3.1/thumb/v7-m/nofp/crtbegin.o
 *(.init)
 .init          0x08002f8c        0x4 D:/STM32IDE/STM32CubeIDE_1.19.0/STM32CubeIDE/plugins/com.st.stm32cube.ide.mcu.externaltools.gnu-tools-for-stm32.13.3.rel1.win32_1.0.0.202411081344/tools/bin/../lib/gcc/arm-none-eabi/13.3.1/thumb/v7-m/nofp/crti.o
                0x08002f8c                _init
 .init          0x08002f90        0x8 D:/STM32IDE/STM32CubeIDE_1.19.0/STM32CubeIDE/plugins/com.st.stm32cube.ide.mcu.externaltools.gnu-tools-for-stm32.13.3.rel1.win32_1.0.0.202411081344/tools/bin/../lib/gcc/arm-none-eabi/13.3.1/thumb/v7-m/nofp/crtn.o
 *(.fini)
 .fini          0x08002f98        0x4 D:/STM32IDE/STM32CubeIDE_1.19.0/STM32CubeIDE/plugins/com.st.stm32cube.ide.mcu.externaltools.gnu-tools-for-stm32.13.3.rel1.win32_1.0.0.202411081344/tools/bin/../lib/gcc/arm-none-eabi/13.3.1/thumb/v7-m/nofp/crti.o
                0x08002f98                _fini
 .fini          0x08002f9c        0x8 D:/STM32IDE/STM32CubeIDE_1.19.0/STM32CubeIDE/plugins/com.st.stm32cube.ide.mcu.externaltools.gnu-tools-for-stm32.13.3.rel1.win32_1.0.0.202411081344/tools/bin/../lib/gcc/arm-none-eabi/13.3.1/thumb/v7-m/nofp/crtn.o
                0x08002fa4                        . = ALIGN (0x4)
                0x08002fa4                        _etext = .

.vfp11_veneer   0x08002fa4        0x0
 .vfp11_veneer  0x08002fa4        0x0 linker stubs

.v4_bx          0x08002fa4        0x0
 .v4_bx         0x08002fa4        0x0 linker stubs

.iplt           0x08002fa4        0x0
 .iplt          0x08002fa4        0x0 D:/STM32IDE/STM32CubeIDE_1.19.0/STM32CubeIDE/plugins/com.st.stm32cube.ide.mcu.externaltools.gnu-tools-for-stm32.13.3.rel1.win32_1.0.0.202411081344/tools/bin/../lib/gcc/arm-none-eabi/13.3.1/thumb/v7-m/nofp/crtbegin.o

.rodata         0x08002fa4       0x50
                0x08002fa4                        . = ALIGN (0x4)
 *(.rodata)
 *(.rodata*)
 .rodata.TX_ADDRESS
                0x08002fa4        0x5 ./Core/Src/nrf24l01.o
                0x08002fa4                TX_ADDRESS
 *fill*         0x08002fa9        0x3 
 .rodata.RX_ADDRESS
                0x08002fac        0x5 ./Core/Src/nrf24l01.o
                0x08002fac                RX_ADDRESS
 *fill*         0x08002fb1        0x3 
 .rodata.AHBPrescTable
                0x08002fb4       0x10 ./Core/Src/system_stm32f1xx.o
                0x08002fb4                AHBPrescTable
 .rodata.APBPrescTable
                0x08002fc4        0x8 ./Core/Src/system_stm32f1xx.o
                0x08002fc4                APBPrescTable
 .rodata.aPLLMULFactorTable.1
                0x08002fcc       0x10 ./Drivers/STM32F1xx_HAL_Driver/Src/stm32f1xx_hal_rcc.o
 .rodata.aPredivFactorTable.0
                0x08002fdc        0x2 ./Drivers/STM32F1xx_HAL_Driver/Src/stm32f1xx_hal_rcc.o
 *fill*         0x08002fde        0x2 
 .rodata.aPLLMULFactorTable.1
                0x08002fe0       0x10 ./Drivers/STM32F1xx_HAL_Driver/Src/stm32f1xx_hal_rcc_ex.o
 .rodata.aPredivFactorTable.0
                0x08002ff0        0x2 ./Drivers/STM32F1xx_HAL_Driver/Src/stm32f1xx_hal_rcc_ex.o
                0x08002ff4                        . = ALIGN (0x4)
 *fill*         0x08002ff2        0x2 

.ARM.extab      0x08002ff4        0x0
                0x08002ff4                        . = ALIGN (0x4)
 *(.ARM.extab* .gnu.linkonce.armextab.*)
                0x08002ff4                        . = ALIGN (0x4)

.ARM            0x08002ff4        0x0
                0x08002ff4                        . = ALIGN (0x4)
                0x08002ff4                        __exidx_start = .
 *(.ARM.exidx*)
                0x08002ff4                        __exidx_end = .
                0x08002ff4                        . = ALIGN (0x4)

.preinit_array  0x08002ff4        0x0
                0x08002ff4                        . = ALIGN (0x4)
                0x08002ff4                        PROVIDE (__preinit_array_start = .)
 *(.preinit_array*)
                0x08002ff4                        PROVIDE (__preinit_array_end = .)
                0x08002ff4                        . = ALIGN (0x4)

.init_array     0x08002ff4        0x4
                0x08002ff4                        . = ALIGN (0x4)
                0x08002ff4                        PROVIDE (__init_array_start = .)
 *(SORT_BY_NAME(.init_array.*))
 *(.init_array*)
 .init_array    0x08002ff4        0x4 D:/STM32IDE/STM32CubeIDE_1.19.0/STM32CubeIDE/plugins/com.st.stm32cube.ide.mcu.externaltools.gnu-tools-for-stm32.13.3.rel1.win32_1.0.0.202411081344/tools/bin/../lib/gcc/arm-none-eabi/13.3.1/thumb/v7-m/nofp/crtbegin.o
                0x08002ff8                        PROVIDE (__init_array_end = .)
                0x08002ff8                        . = ALIGN (0x4)

.fini_array     0x08002ff8        0x4
                0x08002ff8                        . = ALIGN (0x4)
                [!provide]                        PROVIDE (__fini_array_start = .)
 *(SORT_BY_NAME(.fini_array.*))
 *(.fini_array*)
 .fini_array    0x08002ff8        0x4 D:/STM32IDE/STM32CubeIDE_1.19.0/STM32CubeIDE/plugins/com.st.stm32cube.ide.mcu.externaltools.gnu-tools-for-stm32.13.3.rel1.win32_1.0.0.202411081344/tools/bin/../lib/gcc/arm-none-eabi/13.3.1/thumb/v7-m/nofp/crtbegin.o
                [!provide]                        PROVIDE (__fini_array_end = .)
                0x08002ffc                        . = ALIGN (0x4)
                0x08002ffc                        _sidata = LOADADDR (.data)

.rel.dyn        0x08002ffc        0x0
 .rel.iplt      0x08002ffc        0x0 D:/STM32IDE/STM32CubeIDE_1.19.0/STM32CubeIDE/plugins/com.st.stm32cube.ide.mcu.externaltools.gnu-tools-for-stm32.13.3.rel1.win32_1.0.0.202411081344/tools/bin/../lib/gcc/arm-none-eabi/13.3.1/thumb/v7-m/nofp/crtbegin.o

.data           0x20000000        0xc load address 0x08002ffc
                0x20000000                        . = ALIGN (0x4)
                0x20000000                        _sdata = .
 *(.data)
 *(.data*)
 .data.SystemCoreClock
                0x20000000        0x4 ./Core/Src/system_stm32f1xx.o
                0x20000000                SystemCoreClock
 .data.uwTickPrio
                0x20000004        0x4 ./Drivers/STM32F1xx_HAL_Driver/Src/stm32f1xx_hal.o
                0x20000004                uwTickPrio
 .data.uwTickFreq
                0x20000008        0x1 ./Drivers/STM32F1xx_HAL_Driver/Src/stm32f1xx_hal.o
                0x20000008                uwTickFreq
 *(.RamFunc)
 *(.RamFunc*)
                0x2000000c                        . = ALIGN (0x4)
 *fill*         0x20000009        0x3 
                0x2000000c                        _edata = .

.igot.plt       0x2000000c        0x0 load address 0x08003008
 .igot.plt      0x2000000c        0x0 D:/STM32IDE/STM32CubeIDE_1.19.0/STM32CubeIDE/plugins/com.st.stm32cube.ide.mcu.externaltools.gnu-tools-for-stm32.13.3.rel1.win32_1.0.0.202411081344/tools/bin/../lib/gcc/arm-none-eabi/13.3.1/thumb/v7-m/nofp/crtbegin.o
                0x2000000c                        . = ALIGN (0x4)

.bss            0x2000000c      0x120 load address 0x08003008
                0x2000000c                        _sbss = .
                0x2000000c                        __bss_start__ = _sbss
 *(.bss)
 .bss           0x2000000c       0x1c D:/STM32IDE/STM32CubeIDE_1.19.0/STM32CubeIDE/plugins/com.st.stm32cube.ide.mcu.externaltools.gnu-tools-for-stm32.13.3.rel1.win32_1.0.0.202411081344/tools/bin/../lib/gcc/arm-none-eabi/13.3.1/thumb/v7-m/nofp/crtbegin.o
 *(.bss*)
 .bss.hadc1     0x20000028       0x30 ./Core/Src/main.o
                0x20000028                hadc1
 .bss.hadc2     0x20000058       0x30 ./Core/Src/main.o
                0x20000058                hadc2
 .bss.hspi1     0x20000088       0x58 ./Core/Src/main.o
                0x20000088                hspi1
 .bss.huart1    0x200000e0       0x48 ./Core/Src/main.o
                0x200000e0                huart1
 .bss.uwTick    0x20000128        0x4 ./Drivers/STM32F1xx_HAL_Driver/Src/stm32f1xx_hal.o
                0x20000128                uwTick
 *(COMMON)
                0x2000012c                        . = ALIGN (0x4)
                0x2000012c                        _ebss = .
                0x2000012c                        __bss_end__ = _ebss

._user_heap_stack
                0x2000012c      0x604 load address 0x08003008
                0x20000130                        . = ALIGN (0x8)
 *fill*         0x2000012c        0x4 
                [!provide]                        PROVIDE (end = .)
                0x20000130                        PROVIDE (_end = .)
                0x20000330                        . = (. + _Min_Heap_Size)
 *fill*         0x20000130      0x200 
                0x20000730                        . = (. + _Min_Stack_Size)
 *fill*         0x20000330      0x400 
                0x20000730                        . = ALIGN (0x8)

/DISCARD/
 libc.a(*)
 libm.a(*)
 libgcc.a(*)

.ARM.attributes
                0x00000000       0x29
 *(.ARM.attributes)
 .ARM.attributes
                0x00000000       0x1d D:/STM32IDE/STM32CubeIDE_1.19.0/STM32CubeIDE/plugins/com.st.stm32cube.ide.mcu.externaltools.gnu-tools-for-stm32.13.3.rel1.win32_1.0.0.202411081344/tools/bin/../lib/gcc/arm-none-eabi/13.3.1/thumb/v7-m/nofp/crti.o
 .ARM.attributes
                0x0000001d       0x2d D:/STM32IDE/STM32CubeIDE_1.19.0/STM32CubeIDE/plugins/com.st.stm32cube.ide.mcu.externaltools.gnu-tools-for-stm32.13.3.rel1.win32_1.0.0.202411081344/tools/bin/../lib/gcc/arm-none-eabi/13.3.1/thumb/v7-m/nofp/crtbegin.o
 .ARM.attributes
                0x0000004a       0x2d ./Core/Src/main.o
 .ARM.attributes
                0x00000077       0x2d ./Core/Src/nrf24l01.o
 .ARM.attributes
                0x000000a4       0x2d ./Core/Src/stm32f1xx_hal_msp.o
 .ARM.attributes
                0x000000d1       0x2d ./Core/Src/stm32f1xx_it.o
 .ARM.attributes
                0x000000fe       0x2d ./Core/Src/system_stm32f1xx.o
 .ARM.attributes
                0x0000012b       0x21 ./Core/Startup/startup_stm32f103c8tx.o
 .ARM.attributes
                0x0000014c       0x2d ./Drivers/STM32F1xx_HAL_Driver/Src/stm32f1xx_hal.o
 .ARM.attributes
                0x00000179       0x2d ./Drivers/STM32F1xx_HAL_Driver/Src/stm32f1xx_hal_adc.o
 .ARM.attributes
                0x000001a6       0x2d ./Drivers/STM32F1xx_HAL_Driver/Src/stm32f1xx_hal_adc_ex.o
 .ARM.attributes
                0x000001d3       0x2d ./Drivers/STM32F1xx_HAL_Driver/Src/stm32f1xx_hal_cortex.o
 .ARM.attributes
                0x00000200       0x2d ./Drivers/STM32F1xx_HAL_Driver/Src/stm32f1xx_hal_gpio.o
 .ARM.attributes
                0x0000022d       0x2d ./Drivers/STM32F1xx_HAL_Driver/Src/stm32f1xx_hal_rcc.o
 .ARM.attributes
                0x0000025a       0x2d ./Drivers/STM32F1xx_HAL_Driver/Src/stm32f1xx_hal_rcc_ex.o
 .ARM.attributes
                0x00000287       0x2d ./Drivers/STM32F1xx_HAL_Driver/Src/stm32f1xx_hal_spi.o
 .ARM.attributes
                0x000002b4       0x2d ./Drivers/STM32F1xx_HAL_Driver/Src/stm32f1xx_hal_uart.o
 .ARM.attributes
                0x000002e1       0x2d D:/STM32IDE/STM32CubeIDE_1.19.0/STM32CubeIDE/plugins/com.st.stm32cube.ide.mcu.externaltools.gnu-tools-for-stm32.13.3.rel1.win32_1.0.0.202411081344/tools/bin/../lib/gcc/arm-none-eabi/13.3.1/../../../../arm-none-eabi/lib/thumb/v7-m/nofp\libc_nano.a(libc_a-memset.o)
 .ARM.attributes
                0x0000030e       0x2d D:/STM32IDE/STM32CubeIDE_1.19.0/STM32CubeIDE/plugins/com.st.stm32cube.ide.mcu.externaltools.gnu-tools-for-stm32.13.3.rel1.win32_1.0.0.202411081344/tools/bin/../lib/gcc/arm-none-eabi/13.3.1/../../../../arm-none-eabi/lib/thumb/v7-m/nofp\libc_nano.a(libc_a-init.o)
 .ARM.attributes
                0x0000033b       0x1d D:/STM32IDE/STM32CubeIDE_1.19.0/STM32CubeIDE/plugins/com.st.stm32cube.ide.mcu.externaltools.gnu-tools-for-stm32.13.3.rel1.win32_1.0.0.202411081344/tools/bin/../lib/gcc/arm-none-eabi/13.3.1/thumb/v7-m/nofp/crtn.o
OUTPUT(CONTROL02.elf elf32-littlearm)
LOAD linker stubs
LOAD D:/STM32IDE/STM32CubeIDE_1.19.0/STM32CubeIDE/plugins/com.st.stm32cube.ide.mcu.externaltools.gnu-tools-for-stm32.13.3.rel1.win32_1.0.0.202411081344/tools/bin/../lib/gcc/arm-none-eabi/13.3.1/../../../../arm-none-eabi/lib/thumb/v7-m/nofp\libc.a
LOAD D:/STM32IDE/STM32CubeIDE_1.19.0/STM32CubeIDE/plugins/com.st.stm32cube.ide.mcu.externaltools.gnu-tools-for-stm32.13.3.rel1.win32_1.0.0.202411081344/tools/bin/../lib/gcc/arm-none-eabi/13.3.1/../../../../arm-none-eabi/lib/thumb/v7-m/nofp\libm.a
LOAD D:/STM32IDE/STM32CubeIDE_1.19.0/STM32CubeIDE/plugins/com.st.stm32cube.ide.mcu.externaltools.gnu-tools-for-stm32.13.3.rel1.win32_1.0.0.202411081344/tools/bin/../lib/gcc/arm-none-eabi/13.3.1/thumb/v7-m/nofp\libgcc.a

.debug_info     0x00000000     0xa83c
 .debug_info    0x00000000     0x1184 ./Core/Src/main.o
 .debug_info    0x00001184      0x949 ./Core/Src/nrf24l01.o
 .debug_info    0x00001acd      0xdc5 ./Core/Src/stm32f1xx_hal_msp.o
 .debug_info    0x00002892      0x113 ./Core/Src/stm32f1xx_it.o
 .debug_info    0x000029a5      0x222 ./Core/Src/system_stm32f1xx.o
 .debug_info    0x00002bc7       0x30 ./Core/Startup/startup_stm32f103c8tx.o
 .debug_info    0x00002bf7      0x704 ./Drivers/STM32F1xx_HAL_Driver/Src/stm32f1xx_hal.o
 .debug_info    0x000032fb      0xc50 ./Drivers/STM32F1xx_HAL_Driver/Src/stm32f1xx_hal_adc.o
 .debug_info    0x00003f4b      0xa10 ./Drivers/STM32F1xx_HAL_Driver/Src/stm32f1xx_hal_adc_ex.o
 .debug_info    0x0000495b      0xa87 ./Drivers/STM32F1xx_HAL_Driver/Src/stm32f1xx_hal_cortex.o
 .debug_info    0x000053e2      0x5ab ./Drivers/STM32F1xx_HAL_Driver/Src/stm32f1xx_hal_gpio.o
 .debug_info    0x0000598d      0x7d5 ./Drivers/STM32F1xx_HAL_Driver/Src/stm32f1xx_hal_rcc.o
 .debug_info    0x00006162      0x3c0 ./Drivers/STM32F1xx_HAL_Driver/Src/stm32f1xx_hal_rcc_ex.o
 .debug_info    0x00006522     0x142d ./Drivers/STM32F1xx_HAL_Driver/Src/stm32f1xx_hal_spi.o
 .debug_info    0x0000794f     0x2eed ./Drivers/STM32F1xx_HAL_Driver/Src/stm32f1xx_hal_uart.o

.debug_abbrev   0x00000000     0x1dc8
 .debug_abbrev  0x00000000      0x2f0 ./Core/Src/main.o
 .debug_abbrev  0x000002f0      0x238 ./Core/Src/nrf24l01.o
 .debug_abbrev  0x00000528      0x1ec ./Core/Src/stm32f1xx_hal_msp.o
 .debug_abbrev  0x00000714       0x73 ./Core/Src/stm32f1xx_it.o
 .debug_abbrev  0x00000787      0x13f ./Core/Src/system_stm32f1xx.o
 .debug_abbrev  0x000008c6       0x24 ./Core/Startup/startup_stm32f103c8tx.o
 .debug_abbrev  0x000008ea      0x201 ./Drivers/STM32F1xx_HAL_Driver/Src/stm32f1xx_hal.o
 .debug_abbrev  0x00000aeb      0x225 ./Drivers/STM32F1xx_HAL_Driver/Src/stm32f1xx_hal_adc.o
 .debug_abbrev  0x00000d10      0x249 ./Drivers/STM32F1xx_HAL_Driver/Src/stm32f1xx_hal_adc_ex.o
 .debug_abbrev  0x00000f59      0x2f8 ./Drivers/STM32F1xx_HAL_Driver/Src/stm32f1xx_hal_cortex.o
 .debug_abbrev  0x00001251      0x1ca ./Drivers/STM32F1xx_HAL_Driver/Src/stm32f1xx_hal_gpio.o
 .debug_abbrev  0x0000141b      0x2b3 ./Drivers/STM32F1xx_HAL_Driver/Src/stm32f1xx_hal_rcc.o
 .debug_abbrev  0x000016ce      0x188 ./Drivers/STM32F1xx_HAL_Driver/Src/stm32f1xx_hal_rcc_ex.o
 .debug_abbrev  0x00001856      0x27a ./Drivers/STM32F1xx_HAL_Driver/Src/stm32f1xx_hal_spi.o
 .debug_abbrev  0x00001ad0      0x2f8 ./Drivers/STM32F1xx_HAL_Driver/Src/stm32f1xx_hal_uart.o

.debug_aranges  0x00000000      0xa30
 .debug_aranges
                0x00000000       0x60 ./Core/Src/main.o
 .debug_aranges
                0x00000060       0x90 ./Core/Src/nrf24l01.o
 .debug_aranges
                0x000000f0       0x50 ./Core/Src/stm32f1xx_hal_msp.o
 .debug_aranges
                0x00000140       0x60 ./Core/Src/stm32f1xx_it.o
 .debug_aranges
                0x000001a0       0x28 ./Core/Src/system_stm32f1xx.o
 .debug_aranges
                0x000001c8       0x28 ./Core/Startup/startup_stm32f103c8tx.o
 .debug_aranges
                0x000001f0       0xe0 ./Drivers/STM32F1xx_HAL_Driver/Src/stm32f1xx_hal.o
 .debug_aranges
                0x000002d0       0xf0 ./Drivers/STM32F1xx_HAL_Driver/Src/stm32f1xx_hal_adc.o
 .debug_aranges
                0x000003c0       0x80 ./Drivers/STM32F1xx_HAL_Driver/Src/stm32f1xx_hal_adc_ex.o
 .debug_aranges
                0x00000440      0x100 ./Drivers/STM32F1xx_HAL_Driver/Src/stm32f1xx_hal_cortex.o
 .debug_aranges
                0x00000540       0x58 ./Drivers/STM32F1xx_HAL_Driver/Src/stm32f1xx_hal_gpio.o
 .debug_aranges
                0x00000598       0x90 ./Drivers/STM32F1xx_HAL_Driver/Src/stm32f1xx_hal_rcc.o
 .debug_aranges
                0x00000628       0x30 ./Drivers/STM32F1xx_HAL_Driver/Src/stm32f1xx_hal_rcc_ex.o
 .debug_aranges
                0x00000658      0x1d0 ./Drivers/STM32F1xx_HAL_Driver/Src/stm32f1xx_hal_spi.o
 .debug_aranges
                0x00000828      0x208 ./Drivers/STM32F1xx_HAL_Driver/Src/stm32f1xx_hal_uart.o

.debug_rnglists
                0x00000000      0x7d5
 .debug_rnglists
                0x00000000       0x46 ./Core/Src/main.o
 .debug_rnglists
                0x00000046       0x6a ./Core/Src/nrf24l01.o
 .debug_rnglists
                0x000000b0       0x3a ./Core/Src/stm32f1xx_hal_msp.o
 .debug_rnglists
                0x000000ea       0x43 ./Core/Src/stm32f1xx_it.o
 .debug_rnglists
                0x0000012d       0x1a ./Core/Src/system_stm32f1xx.o
 .debug_rnglists
                0x00000147       0x19 ./Core/Startup/startup_stm32f103c8tx.o
 .debug_rnglists
                0x00000160       0xa3 ./Drivers/STM32F1xx_HAL_Driver/Src/stm32f1xx_hal.o
 .debug_rnglists
                0x00000203       0xbc ./Drivers/STM32F1xx_HAL_Driver/Src/stm32f1xx_hal_adc.o
 .debug_rnglists
                0x000002bf       0x65 ./Drivers/STM32F1xx_HAL_Driver/Src/stm32f1xx_hal_adc_ex.o
 .debug_rnglists
                0x00000324       0xbb ./Drivers/STM32F1xx_HAL_Driver/Src/stm32f1xx_hal_cortex.o
 .debug_rnglists
                0x000003df       0x3f ./Drivers/STM32F1xx_HAL_Driver/Src/stm32f1xx_hal_gpio.o
 .debug_rnglists
                0x0000041e       0x6c ./Drivers/STM32F1xx_HAL_Driver/Src/stm32f1xx_hal_rcc.o
 .debug_rnglists
                0x0000048a       0x21 ./Drivers/STM32F1xx_HAL_Driver/Src/stm32f1xx_hal_rcc_ex.o
 .debug_rnglists
                0x000004ab      0x16e ./Drivers/STM32F1xx_HAL_Driver/Src/stm32f1xx_hal_spi.o
 .debug_rnglists
                0x00000619      0x1bc ./Drivers/STM32F1xx_HAL_Driver/Src/stm32f1xx_hal_uart.o

.debug_macro    0x00000000    0x17b2b
 .debug_macro   0x00000000      0x1dc ./Core/Src/main.o
 .debug_macro   0x000001dc      0xacc ./Core/Src/main.o
 .debug_macro   0x00000ca8      0x221 ./Core/Src/main.o
 .debug_macro   0x00000ec9       0x2e ./Core/Src/main.o
 .debug_macro   0x00000ef7       0x22 ./Core/Src/main.o
 .debug_macro   0x00000f19       0x22 ./Core/Src/main.o
 .debug_macro   0x00000f3b       0x8e ./Core/Src/main.o
 .debug_macro   0x00000fc9       0x51 ./Core/Src/main.o
 .debug_macro   0x0000101a      0x103 ./Core/Src/main.o
 .debug_macro   0x0000111d       0x6a ./Core/Src/main.o
 .debug_macro   0x00001187      0x1df ./Core/Src/main.o
 .debug_macro   0x00001366       0x1c ./Core/Src/main.o
 .debug_macro   0x00001382       0x22 ./Core/Src/main.o
 .debug_macro   0x000013a4       0xbd ./Core/Src/main.o
 .debug_macro   0x00001461      0xd23 ./Core/Src/main.o
 .debug_macro   0x00002184     0xe09e ./Core/Src/main.o
 .debug_macro   0x00010222       0x6d ./Core/Src/main.o
 .debug_macro   0x0001028f     0x34a2 ./Core/Src/main.o
 .debug_macro   0x00013731      0x190 ./Core/Src/main.o
 .debug_macro   0x000138c1       0x5c ./Core/Src/main.o
 .debug_macro   0x0001391d      0x5bc ./Core/Src/main.o
 .debug_macro   0x00013ed9      0x289 ./Core/Src/main.o
 .debug_macro   0x00014162      0x1cb ./Core/Src/main.o
 .debug_macro   0x0001432d      0x114 ./Core/Src/main.o
 .debug_macro   0x00014441      0x1b2 ./Core/Src/main.o
 .debug_macro   0x000145f3       0x27 ./Core/Src/main.o
 .debug_macro   0x0001461a      0x136 ./Core/Src/main.o
 .debug_macro   0x00014750      0x1bc ./Core/Src/main.o
 .debug_macro   0x0001490c       0x34 ./Core/Src/main.o
 .debug_macro   0x00014940       0x3c ./Core/Src/main.o
 .debug_macro   0x0001497c       0x57 ./Core/Src/main.o
 .debug_macro   0x000149d3      0x46a ./Core/Src/main.o
 .debug_macro   0x00014e3d      0x1b5 ./Core/Src/main.o
 .debug_macro   0x00014ff2       0x87 ./Core/Src/main.o
 .debug_macro   0x00015079      0x240 ./Core/Src/main.o
 .debug_macro   0x000152b9      0x140 ./Core/Src/main.o
 .debug_macro   0x000153f9      0x217 ./Core/Src/main.o
 .debug_macro   0x00015610      0x28e ./Core/Src/main.o
 .debug_macro   0x0001589e       0x83 ./Core/Src/main.o
 .debug_macro   0x00015921       0x28 ./Core/Src/main.o
 .debug_macro   0x00015949      0x11e ./Core/Src/main.o
 .debug_macro   0x00015a67      0x298 ./Core/Src/nrf24l01.o
 .debug_macro   0x00015cff      0x118 ./Core/Src/nrf24l01.o
 .debug_macro   0x00015e17       0x61 ./Core/Src/nrf24l01.o
 .debug_macro   0x00015e78       0x24 ./Core/Src/nrf24l01.o
 .debug_macro   0x00015e9c       0x43 ./Core/Src/nrf24l01.o
 .debug_macro   0x00015edf       0x34 ./Core/Src/nrf24l01.o
 .debug_macro   0x00015f13      0x370 ./Core/Src/nrf24l01.o
 .debug_macro   0x00016283       0x16 ./Core/Src/nrf24l01.o
 .debug_macro   0x00016299       0x4a ./Core/Src/nrf24l01.o
 .debug_macro   0x000162e3       0x34 ./Core/Src/nrf24l01.o
 .debug_macro   0x00016317       0x10 ./Core/Src/nrf24l01.o
 .debug_macro   0x00016327       0x58 ./Core/Src/nrf24l01.o
 .debug_macro   0x0001637f       0x8e ./Core/Src/nrf24l01.o
 .debug_macro   0x0001640d       0x1c ./Core/Src/nrf24l01.o
 .debug_macro   0x00016429      0x185 ./Core/Src/nrf24l01.o
 .debug_macro   0x000165ae       0x10 ./Core/Src/nrf24l01.o
 .debug_macro   0x000165be       0x3c ./Core/Src/nrf24l01.o
 .debug_macro   0x000165fa       0x20 ./Core/Src/nrf24l01.o
 .debug_macro   0x0001661a      0x1bb ./Core/Src/stm32f1xx_hal_msp.o
 .debug_macro   0x000167d5      0x1c5 ./Core/Src/stm32f1xx_it.o
 .debug_macro   0x0001699a      0x1ac ./Core/Src/system_stm32f1xx.o
 .debug_macro   0x00016b46      0x1d0 ./Drivers/STM32F1xx_HAL_Driver/Src/stm32f1xx_hal.o
 .debug_macro   0x00016d16      0x1c9 ./Drivers/STM32F1xx_HAL_Driver/Src/stm32f1xx_hal_adc.o
 .debug_macro   0x00016edf      0x1be ./Drivers/STM32F1xx_HAL_Driver/Src/stm32f1xx_hal_adc_ex.o
 .debug_macro   0x0001709d      0x1ac ./Drivers/STM32F1xx_HAL_Driver/Src/stm32f1xx_hal_cortex.o
 .debug_macro   0x00017249      0x217 ./Drivers/STM32F1xx_HAL_Driver/Src/stm32f1xx_hal_gpio.o
 .debug_macro   0x00017460      0x1be ./Drivers/STM32F1xx_HAL_Driver/Src/stm32f1xx_hal_rcc.o
 .debug_macro   0x0001761e      0x1ac ./Drivers/STM32F1xx_HAL_Driver/Src/stm32f1xx_hal_rcc_ex.o
 .debug_macro   0x000177ca      0x1b4 ./Drivers/STM32F1xx_HAL_Driver/Src/stm32f1xx_hal_spi.o
 .debug_macro   0x0001797e      0x1ad ./Drivers/STM32F1xx_HAL_Driver/Src/stm32f1xx_hal_uart.o

.debug_line     0x00000000     0xc36d
 .debug_line    0x00000000      0xa2b ./Core/Src/main.o
 .debug_line    0x00000a2b      0xae7 ./Core/Src/nrf24l01.o
 .debug_line    0x00001512      0x843 ./Core/Src/stm32f1xx_hal_msp.o
 .debug_line    0x00001d55      0x7da ./Core/Src/stm32f1xx_it.o
 .debug_line    0x0000252f      0x7aa ./Core/Src/system_stm32f1xx.o
 .debug_line    0x00002cd9       0x78 ./Core/Startup/startup_stm32f103c8tx.o
 .debug_line    0x00002d51      0x9db ./Drivers/STM32F1xx_HAL_Driver/Src/stm32f1xx_hal.o
 .debug_line    0x0000372c     0x1000 ./Drivers/STM32F1xx_HAL_Driver/Src/stm32f1xx_hal_adc.o
 .debug_line    0x0000472c      0xd22 ./Drivers/STM32F1xx_HAL_Driver/Src/stm32f1xx_hal_adc_ex.o
 .debug_line    0x0000544e      0xba5 ./Drivers/STM32F1xx_HAL_Driver/Src/stm32f1xx_hal_cortex.o
 .debug_line    0x00005ff3      0xa38 ./Drivers/STM32F1xx_HAL_Driver/Src/stm32f1xx_hal_gpio.o
 .debug_line    0x00006a2b      0xe94 ./Drivers/STM32F1xx_HAL_Driver/Src/stm32f1xx_hal_rcc.o
 .debug_line    0x000078bf      0x945 ./Drivers/STM32F1xx_HAL_Driver/Src/stm32f1xx_hal_rcc_ex.o
 .debug_line    0x00008204     0x1c72 ./Drivers/STM32F1xx_HAL_Driver/Src/stm32f1xx_hal_spi.o
 .debug_line    0x00009e76     0x24f7 ./Drivers/STM32F1xx_HAL_Driver/Src/stm32f1xx_hal_uart.o

.debug_str      0x00000000    0x8894d
 .debug_str     0x00000000    0x8894d ./Core/Src/main.o
                              0x83898 (size before relaxing)
 .debug_str     0x0008894d    0x863c3 ./Core/Src/nrf24l01.o
 .debug_str     0x0008894d    0x83064 ./Core/Src/stm32f1xx_hal_msp.o
 .debug_str     0x0008894d    0x828f5 ./Core/Src/stm32f1xx_it.o
 .debug_str     0x0008894d    0x82880 ./Core/Src/system_stm32f1xx.o
 .debug_str     0x0008894d       0x6a ./Core/Startup/startup_stm32f103c8tx.o
 .debug_str     0x0008894d    0x82fb3 ./Drivers/STM32F1xx_HAL_Driver/Src/stm32f1xx_hal.o
 .debug_str     0x0008894d    0x82f64 ./Drivers/STM32F1xx_HAL_Driver/Src/stm32f1xx_hal_adc.o
 .debug_str     0x0008894d    0x82f34 ./Drivers/STM32F1xx_HAL_Driver/Src/stm32f1xx_hal_adc_ex.o
 .debug_str     0x0008894d    0x82eff ./Drivers/STM32F1xx_HAL_Driver/Src/stm32f1xx_hal_cortex.o
 .debug_str     0x0008894d    0x82c06 ./Drivers/STM32F1xx_HAL_Driver/Src/stm32f1xx_hal_gpio.o
 .debug_str     0x0008894d    0x82caf ./Drivers/STM32F1xx_HAL_Driver/Src/stm32f1xx_hal_rcc.o
 .debug_str     0x0008894d    0x829ff ./Drivers/STM32F1xx_HAL_Driver/Src/stm32f1xx_hal_rcc_ex.o
 .debug_str     0x0008894d    0x831a6 ./Drivers/STM32F1xx_HAL_Driver/Src/stm32f1xx_hal_spi.o
 .debug_str     0x0008894d    0x83320 ./Drivers/STM32F1xx_HAL_Driver/Src/stm32f1xx_hal_uart.o

.comment        0x00000000       0x43
 .comment       0x00000000       0x43 ./Core/Src/main.o
                                 0x44 (size before relaxing)
 .comment       0x00000043       0x44 ./Core/Src/nrf24l01.o
 .comment       0x00000043       0x44 ./Core/Src/stm32f1xx_hal_msp.o
 .comment       0x00000043       0x44 ./Core/Src/stm32f1xx_it.o
 .comment       0x00000043       0x44 ./Core/Src/system_stm32f1xx.o
 .comment       0x00000043       0x44 ./Drivers/STM32F1xx_HAL_Driver/Src/stm32f1xx_hal.o
 .comment       0x00000043       0x44 ./Drivers/STM32F1xx_HAL_Driver/Src/stm32f1xx_hal_adc.o
 .comment       0x00000043       0x44 ./Drivers/STM32F1xx_HAL_Driver/Src/stm32f1xx_hal_adc_ex.o
 .comment       0x00000043       0x44 ./Drivers/STM32F1xx_HAL_Driver/Src/stm32f1xx_hal_cortex.o
 .comment       0x00000043       0x44 ./Drivers/STM32F1xx_HAL_Driver/Src/stm32f1xx_hal_gpio.o
 .comment       0x00000043       0x44 ./Drivers/STM32F1xx_HAL_Driver/Src/stm32f1xx_hal_rcc.o
 .comment       0x00000043       0x44 ./Drivers/STM32F1xx_HAL_Driver/Src/stm32f1xx_hal_rcc_ex.o
 .comment       0x00000043       0x44 ./Drivers/STM32F1xx_HAL_Driver/Src/stm32f1xx_hal_spi.o
 .comment       0x00000043       0x44 ./Drivers/STM32F1xx_HAL_Driver/Src/stm32f1xx_hal_uart.o

.debug_frame    0x00000000     0x289c
 .debug_frame   0x00000000      0x134 ./Core/Src/main.o
 .debug_frame   0x00000134      0x1fc ./Core/Src/nrf24l01.o
 .debug_frame   0x00000330      0x110 ./Core/Src/stm32f1xx_hal_msp.o
 .debug_frame   0x00000440      0x104 ./Core/Src/stm32f1xx_it.o
 .debug_frame   0x00000544       0x58 ./Core/Src/system_stm32f1xx.o
 .debug_frame   0x0000059c      0x334 ./Drivers/STM32F1xx_HAL_Driver/Src/stm32f1xx_hal.o
 .debug_frame   0x000008d0      0x40c ./Drivers/STM32F1xx_HAL_Driver/Src/stm32f1xx_hal_adc.o
 .debug_frame   0x00000cdc      0x200 ./Drivers/STM32F1xx_HAL_Driver/Src/stm32f1xx_hal_adc_ex.o
 .debug_frame   0x00000edc      0x428 ./Drivers/STM32F1xx_HAL_Driver/Src/stm32f1xx_hal_cortex.o
 .debug_frame   0x00001304      0x14c ./Drivers/STM32F1xx_HAL_Driver/Src/stm32f1xx_hal_gpio.o
 .debug_frame   0x00001450      0x218 ./Drivers/STM32F1xx_HAL_Driver/Src/stm32f1xx_hal_rcc.o
 .debug_frame   0x00001668       0x80 ./Drivers/STM32F1xx_HAL_Driver/Src/stm32f1xx_hal_rcc_ex.o
 .debug_frame   0x000016e8      0x824 ./Drivers/STM32F1xx_HAL_Driver/Src/stm32f1xx_hal_spi.o
 .debug_frame   0x00001f0c      0x944 ./Drivers/STM32F1xx_HAL_Driver/Src/stm32f1xx_hal_uart.o
 .debug_frame   0x00002850       0x20 D:/STM32IDE/STM32CubeIDE_1.19.0/STM32CubeIDE/plugins/com.st.stm32cube.ide.mcu.externaltools.gnu-tools-for-stm32.13.3.rel1.win32_1.0.0.202411081344/tools/bin/../lib/gcc/arm-none-eabi/13.3.1/../../../../arm-none-eabi/lib/thumb/v7-m/nofp\libc_nano.a(libc_a-memset.o)
 .debug_frame   0x00002870       0x2c D:/STM32IDE/STM32CubeIDE_1.19.0/STM32CubeIDE/plugins/com.st.stm32cube.ide.mcu.externaltools.gnu-tools-for-stm32.13.3.rel1.win32_1.0.0.202411081344/tools/bin/../lib/gcc/arm-none-eabi/13.3.1/../../../../arm-none-eabi/lib/thumb/v7-m/nofp\libc_nano.a(libc_a-init.o)

.debug_line_str
                0x00000000       0x4e
 .debug_line_str
                0x00000000       0x4e ./Core/Startup/startup_stm32f103c8tx.o
