../Core/Src/main.c:71:6:LED_Blink	24	static
../Core/Src/main.c:84:6:Servo_SetAngle	24	static
../Core/Src/main.c:99:6:Motor_SetThrottle	24	static
../Core/Src/main.c:111:6:ESC_Calibration	8	static
../Core/Src/main.c:133:5:main	48	static
../Core/Src/main.c:230:6:SystemClock_Config	72	static
../Core/Src/main.c:270:13:MX_SPI1_Init	8	static
../Core/Src/main.c:308:13:MX_TIM1_Init	96	static
../Core/Src/main.c:383:13:MX_TIM2_Init	64	static
../Core/Src/main.c:442:13:MX_USART1_UART_Init	8	static
../Core/Src/main.c:475:13:MX_GPIO_Init	40	static
../Core/Src/main.c:520:6:Error_Handler	4	static,ignoring_inline_asm
